---
source: crates/ros-z-codegen/tests/codegen_snapshot.rs
assertion_line: 89
expression: format_tokens(tokens)
---
#[derive(Debug, Clone, Default, ::serde::Serialize, ::serde::Deserialize)]
#[cfg_attr(
    feature = "python_registry",
    derive(::ros_z_derive::FromPyMessage, ::ros_z_derive::IntoPyMessage)
)]
#[cfg_attr(
    feature = "python_registry",
    ros_msg(module = "ros_z_msgs_py.types.test_interface_files")
)]
pub struct Nested {
    pub basic_types_value: super::test_interface_files::BasicTypes,
}
impl Nested {}
impl ::ros_z::MessageTypeInfo for Nested {
    fn type_name() -> &'static str {
        "test_interface_files::msg::dds_::Nested_"
    }
    fn type_hash() -> ::ros_z::entity::TypeHash {
        ::ros_z::entity::TypeHash::from_rihs_string(
                "RIHS01_f7508dd21e8e3a45218396836e71303befa72c54067dc6ceb50f499e636379ae",
            )
            .expect("Invalid RIHS hash")
    }
    fn message_schema() -> Option<::std::sync::Arc<::ros_z::dynamic::MessageSchema>> {
        static SCHEMA: ::std::sync::OnceLock<
            ::std::sync::Arc<::ros_z::dynamic::MessageSchema>,
        > = ::std::sync::OnceLock::new();
        Some(
            SCHEMA
                .get_or_init(|| {
                    ::ros_z::dynamic::MessageSchema::builder(
                            "test_interface_files/msg/Nested",
                        )
                        .field(
                            "basic_types_value",
                            <super::test_interface_files::BasicTypes as ::ros_z::FieldTypeInfo>::field_type(),
                        )
                        .build()
                        .expect("generated message schema must be valid")
                })
                .clone(),
        )
    }
}
impl ::ros_z::ros_msg::WithTypeInfo for Nested {}
impl crate::size_estimation::SizeEstimation for Nested {
    fn estimated_cdr_size(&self) -> usize {
        let mut size = 0usize;
        size
            += crate::size_estimation::SizeEstimation::estimated_cdr_size(
                &self.basic_types_value,
            );
        size + 16
    }
}
impl Nested {
    /// Get an accurate estimate of the serialized CDR size.
    ///
    /// This implementation accounts for dynamic fields (Vec, String, ZBuf)
    /// and provides a conservative but accurate upper bound for SHM allocation.
    pub fn estimated_serialized_size(&self) -> usize {
        4 + crate::size_estimation::SizeEstimation::estimated_cdr_size(self)
    }
}
impl ::ros_z_cdr::CdrSerialize for Nested {
    fn cdr_serialize<BO, B>(&self, __w: &mut ::ros_z_cdr::CdrWriter<'_, BO, B>)
    where
        BO: ::byteorder::ByteOrder,
        B: ::ros_z_cdr::CdrBuffer,
    {
        ::ros_z_cdr::CdrSerialize::cdr_serialize(&self.basic_types_value, __w);
    }
}
impl ::ros_z_cdr::CdrDeserialize for Nested {
    fn cdr_deserialize<'__de, BO>(
        __r: &mut ::ros_z_cdr::CdrReader<'__de, BO>,
    ) -> ::ros_z_cdr::Result<Self>
    where
        BO: ::byteorder::ByteOrder,
    {
        let basic_types_value = ::ros_z_cdr::CdrDeserialize::cdr_deserialize(__r)?;
        Ok(Self { basic_types_value })
    }
}
impl ::ros_z_cdr::CdrSerializedSize for Nested {
    fn cdr_serialized_size(&self, __pos: usize) -> usize {
        let mut __p = __pos;
        __p = ::ros_z_cdr::CdrSerializedSize::cdr_serialized_size(
            &self.basic_types_value,
            __p,
        );
        __p
    }
}
